// Jest Snapshot v1, https://goo.gl/fbAQLP

exports[`The Backend103Lakshmirpillai stack matches the snapshot 1`] = `
Object {
  "Outputs": Object {
    "LoadBalancerBackend103LAKSHMIRPILLAIDnsName": Object {
      "Description": "DNS entry for LoadBalancerBackend103LAKSHMIRPILLAI",
      "Value": Object {
        "Fn::GetAtt": Array [
          "LoadBalancerBackend103LAKSHMIRPILLAI22EF8B87",
          "DNSName",
        ],
      },
    },
  },
  "Parameters": Object {
    "AMIBackend103LAKSHMIRPILLAI": Object {
      "Description": "Amazon Machine Image ID for the app backend-103-LAKSHMIRPILLAI. Use this in conjunction with AMIgo to keep AMIs up to date.",
      "Type": "AWS::EC2::Image::Id",
    },
    "DistributionBucketName": Object {
      "Default": "/account/services/artifact.bucket",
      "Description": "SSM parameter containing the S3 bucket name holding distribution artifacts",
      "Type": "AWS::SSM::Parameter::Value<String>",
    },
    "LoggingStreamName": Object {
      "Default": "/account/services/logging.stream.name",
      "Description": "SSM parameter containing the Name (not ARN) on the kinesis stream",
      "Type": "AWS::SSM::Parameter::Value<String>",
    },
    "VpcId": Object {
      "Default": "/account/vpc/primary/id",
      "Description": "Virtual Private Cloud to run EC2 instances within. Should NOT be the account default VPC.",
      "Type": "AWS::SSM::Parameter::Value<AWS::EC2::VPC::Id>",
    },
    "backend103LAKSHMIRPILLAIPrivateSubnets": Object {
      "Default": "/account/vpc/primary/subnets/private",
      "Description": "A list of private subnets",
      "Type": "AWS::SSM::Parameter::Value<List<AWS::EC2::Subnet::Id>>",
    },
    "backend103LAKSHMIRPILLAIPublicSubnets": Object {
      "Default": "/account/vpc/primary/subnets/public",
      "Description": "A list of public subnets",
      "Type": "AWS::SSM::Parameter::Value<List<AWS::EC2::Subnet::Id>>",
    },
  },
  "Resources": Object {
    "AutoScalingGroupBackend103LAKSHMIRPILLAIASG2C914028": Object {
      "Properties": Object {
        "HealthCheckGracePeriod": 120,
        "HealthCheckType": "ELB",
        "LaunchConfigurationName": Object {
          "Ref": "AutoScalingGroupBackend103LAKSHMIRPILLAILaunchConfig5A717FF1",
        },
        "MaxSize": "2",
        "MinSize": "1",
        "Tags": Array [
          Object {
            "Key": "App",
            "PropagateAtLaunch": true,
            "Value": "backend-103-LAKSHMIRPILLAI",
          },
          Object {
            "Key": "gu:cdk:pattern-name",
            "PropagateAtLaunch": true,
            "Value": "GuEc2App",
          },
          Object {
            "Key": "gu:cdk:version",
            "PropagateAtLaunch": true,
            "Value": "TEST",
          },
          Object {
            "Key": "gu:repo",
            "PropagateAtLaunch": true,
            "Value": "guardian/backend-103-LAKSHMIRPILLAI",
          },
          Object {
            "Key": "LogKinesisStreamName",
            "PropagateAtLaunch": true,
            "Value": Object {
              "Ref": "LoggingStreamName",
            },
          },
          Object {
            "Key": "Name",
            "PropagateAtLaunch": true,
            "Value": "Backend103Lakshmirpillai/AutoScalingGroupBackend103LAKSHMIRPILLAI",
          },
          Object {
            "Key": "Stack",
            "PropagateAtLaunch": true,
            "Value": "deploy",
          },
          Object {
            "Key": "Stage",
            "PropagateAtLaunch": true,
            "Value": "TEST",
          },
        ],
        "TargetGroupARNs": Array [
          Object {
            "Ref": "TargetGroupBackend103LAKSHMIRPILLAI9D067341",
          },
        ],
        "VPCZoneIdentifier": Object {
          "Ref": "backend103LAKSHMIRPILLAIPrivateSubnets",
        },
      },
      "Type": "AWS::AutoScaling::AutoScalingGroup",
    },
    "AutoScalingGroupBackend103LAKSHMIRPILLAIInstanceProfile5C9C44A6": Object {
      "Properties": Object {
        "Roles": Array [
          Object {
            "Ref": "InstanceRoleBackend103LAKSHMIRPILLAI570FD0EA",
          },
        ],
      },
      "Type": "AWS::IAM::InstanceProfile",
    },
    "AutoScalingGroupBackend103LAKSHMIRPILLAILaunchConfig5A717FF1": Object {
      "DependsOn": Array [
        "InstanceRoleBackend103LAKSHMIRPILLAI570FD0EA",
      ],
      "Properties": Object {
        "IamInstanceProfile": Object {
          "Ref": "AutoScalingGroupBackend103LAKSHMIRPILLAIInstanceProfile5C9C44A6",
        },
        "ImageId": Object {
          "Ref": "AMIBackend103LAKSHMIRPILLAI",
        },
        "InstanceType": "t4g.small",
        "MetadataOptions": Object {
          "HttpTokens": "required",
        },
        "SecurityGroups": Array [
          Object {
            "Fn::GetAtt": Array [
              "GuHttpsEgressSecurityGroupBackend103LAKSHMIRPILLAIBA19DE5B",
              "GroupId",
            ],
          },
          Object {
            "Fn::GetAtt": Array [
              "WazuhSecurityGroup",
              "GroupId",
            ],
          },
        ],
        "UserData": Object {
          "Fn::Base64": "#!/bin/bash -ev
aws s3 cp s3://deploy-tools-dist/deploy/TEST/backend-103-LAKSHMIRPILLAI/app.service /etc/systemd/system/backend-103-LAKSHMIRPILLAI.service
aws s3 cp s3://deploy-tools-dist/deploy/TEST/backend-103-LAKSHMIRPILLAI/hello-world.jar /hello-world.jar
systemctl start backend-103-LAKSHMIRPILLAI
",
        },
      },
      "Type": "AWS::AutoScaling::LaunchConfiguration",
    },
    "CertificateBackend103LAKSHMIRPILLAID9C3AEAB": Object {
      "DeletionPolicy": "Retain",
      "Properties": Object {
        "DomainName": "backend-103-LAKSHMIRPILLAI.gutools.co.uk",
        "Tags": Array [
          Object {
            "Key": "App",
            "Value": "backend-103-LAKSHMIRPILLAI",
          },
          Object {
            "Key": "gu:cdk:version",
            "Value": "TEST",
          },
          Object {
            "Key": "gu:repo",
            "Value": "guardian/backend-103-LAKSHMIRPILLAI",
          },
          Object {
            "Key": "Stack",
            "Value": "deploy",
          },
          Object {
            "Key": "Stage",
            "Value": "TEST",
          },
        ],
        "ValidationMethod": "DNS",
      },
      "Type": "AWS::CertificateManager::Certificate",
      "UpdateReplacePolicy": "Retain",
    },
    "DescribeEC2PolicyFF5F9295": Object {
      "Properties": Object {
        "PolicyDocument": Object {
          "Statement": Array [
            Object {
              "Action": Array [
                "autoscaling:DescribeAutoScalingInstances",
                "autoscaling:DescribeAutoScalingGroups",
                "ec2:DescribeTags",
                "ec2:DescribeInstances",
              ],
              "Effect": "Allow",
              "Resource": "*",
            },
          ],
          "Version": "2012-10-17",
        },
        "PolicyName": "describe-ec2-policy",
        "Roles": Array [
          Object {
            "Ref": "InstanceRoleBackend103LAKSHMIRPILLAI570FD0EA",
          },
        ],
      },
      "Type": "AWS::IAM::Policy",
    },
    "GetDistributablePolicyBackend103LAKSHMIRPILLAI033DC4D7": Object {
      "Properties": Object {
        "PolicyDocument": Object {
          "Statement": Array [
            Object {
              "Action": "s3:GetObject",
              "Effect": "Allow",
              "Resource": Object {
                "Fn::Join": Array [
                  "",
                  Array [
                    "arn:aws:s3:::",
                    Object {
                      "Ref": "DistributionBucketName",
                    },
                    "/deploy/TEST/backend-103-LAKSHMIRPILLAI/*",
                  ],
                ],
              },
            },
          ],
          "Version": "2012-10-17",
        },
        "PolicyName": "GetDistributablePolicyBackend103LAKSHMIRPILLAI033DC4D7",
        "Roles": Array [
          Object {
            "Ref": "InstanceRoleBackend103LAKSHMIRPILLAI570FD0EA",
          },
        ],
      },
      "Type": "AWS::IAM::Policy",
    },
    "GuHttpsEgressSecurityGroupBackend103LAKSHMIRPILLAIBA19DE5B": Object {
      "Properties": Object {
        "GroupDescription": "Allow all outbound HTTPS traffic",
        "SecurityGroupEgress": Array [
          Object {
            "CidrIp": "0.0.0.0/0",
            "Description": "Allow all outbound HTTPS traffic",
            "FromPort": 443,
            "IpProtocol": "tcp",
            "ToPort": 443,
          },
        ],
        "Tags": Array [
          Object {
            "Key": "App",
            "Value": "backend-103-LAKSHMIRPILLAI",
          },
          Object {
            "Key": "gu:cdk:version",
            "Value": "TEST",
          },
          Object {
            "Key": "gu:repo",
            "Value": "guardian/backend-103-LAKSHMIRPILLAI",
          },
          Object {
            "Key": "Stack",
            "Value": "deploy",
          },
          Object {
            "Key": "Stage",
            "Value": "TEST",
          },
        ],
        "VpcId": Object {
          "Ref": "VpcId",
        },
      },
      "Type": "AWS::EC2::SecurityGroup",
    },
    "GuHttpsEgressSecurityGroupBackend103LAKSHMIRPILLAIfromBackend103LakshmirpillaiLoadBalancerBackend103LAKSHMIRPILLAISecurityGroup2DDAC5A29000799CCA58": Object {
      "Properties": Object {
        "Description": "Load balancer to target",
        "FromPort": 9000,
        "GroupId": Object {
          "Fn::GetAtt": Array [
            "GuHttpsEgressSecurityGroupBackend103LAKSHMIRPILLAIBA19DE5B",
            "GroupId",
          ],
        },
        "IpProtocol": "tcp",
        "SourceSecurityGroupId": Object {
          "Fn::GetAtt": Array [
            "LoadBalancerBackend103LAKSHMIRPILLAISecurityGroup7A18B8BD",
            "GroupId",
          ],
        },
        "ToPort": 9000,
      },
      "Type": "AWS::EC2::SecurityGroupIngress",
    },
    "GuLogShippingPolicy981BFE5A": Object {
      "Properties": Object {
        "PolicyDocument": Object {
          "Statement": Array [
            Object {
              "Action": Array [
                "kinesis:Describe*",
                "kinesis:Put*",
              ],
              "Effect": "Allow",
              "Resource": Object {
                "Fn::Join": Array [
                  "",
                  Array [
                    "arn:aws:kinesis:",
                    Object {
                      "Ref": "AWS::Region",
                    },
                    ":",
                    Object {
                      "Ref": "AWS::AccountId",
                    },
                    ":stream/",
                    Object {
                      "Ref": "LoggingStreamName",
                    },
                  ],
                ],
              },
            },
          ],
          "Version": "2012-10-17",
        },
        "PolicyName": "GuLogShippingPolicy981BFE5A",
        "Roles": Array [
          Object {
            "Ref": "InstanceRoleBackend103LAKSHMIRPILLAI570FD0EA",
          },
        ],
      },
      "Type": "AWS::IAM::Policy",
    },
    "InstanceRoleBackend103LAKSHMIRPILLAI570FD0EA": Object {
      "Properties": Object {
        "AssumeRolePolicyDocument": Object {
          "Statement": Array [
            Object {
              "Action": "sts:AssumeRole",
              "Effect": "Allow",
              "Principal": Object {
                "Service": Object {
                  "Fn::Join": Array [
                    "",
                    Array [
                      "ec2.",
                      Object {
                        "Ref": "AWS::URLSuffix",
                      },
                    ],
                  ],
                },
              },
            },
          ],
          "Version": "2012-10-17",
        },
        "Path": "/",
        "Tags": Array [
          Object {
            "Key": "App",
            "Value": "backend-103-LAKSHMIRPILLAI",
          },
          Object {
            "Key": "gu:cdk:version",
            "Value": "TEST",
          },
          Object {
            "Key": "gu:repo",
            "Value": "guardian/backend-103-LAKSHMIRPILLAI",
          },
          Object {
            "Key": "Stack",
            "Value": "deploy",
          },
          Object {
            "Key": "Stage",
            "Value": "TEST",
          },
        ],
      },
      "Type": "AWS::IAM::Role",
    },
    "ListenerBackend103LAKSHMIRPILLAID5916971": Object {
      "Properties": Object {
        "Certificates": Array [
          Object {
            "CertificateArn": Object {
              "Ref": "CertificateBackend103LAKSHMIRPILLAID9C3AEAB",
            },
          },
        ],
        "DefaultActions": Array [
          Object {
            "TargetGroupArn": Object {
              "Ref": "TargetGroupBackend103LAKSHMIRPILLAI9D067341",
            },
            "Type": "forward",
          },
        ],
        "LoadBalancerArn": Object {
          "Ref": "LoadBalancerBackend103LAKSHMIRPILLAI22EF8B87",
        },
        "Port": 443,
        "Protocol": "HTTPS",
      },
      "Type": "AWS::ElasticLoadBalancingV2::Listener",
    },
    "LoadBalancerBackend103LAKSHMIRPILLAI22EF8B87": Object {
      "Properties": Object {
        "LoadBalancerAttributes": Array [
          Object {
            "Key": "deletion_protection.enabled",
            "Value": "true",
          },
        ],
        "Scheme": "internet-facing",
        "SecurityGroups": Array [
          Object {
            "Fn::GetAtt": Array [
              "LoadBalancerBackend103LAKSHMIRPILLAISecurityGroup7A18B8BD",
              "GroupId",
            ],
          },
        ],
        "Subnets": Object {
          "Ref": "backend103LAKSHMIRPILLAIPublicSubnets",
        },
        "Tags": Array [
          Object {
            "Key": "App",
            "Value": "backend-103-LAKSHMIRPILLAI",
          },
          Object {
            "Key": "gu:cdk:version",
            "Value": "TEST",
          },
          Object {
            "Key": "gu:repo",
            "Value": "guardian/backend-103-LAKSHMIRPILLAI",
          },
          Object {
            "Key": "Stack",
            "Value": "deploy",
          },
          Object {
            "Key": "Stage",
            "Value": "TEST",
          },
        ],
        "Type": "application",
      },
      "Type": "AWS::ElasticLoadBalancingV2::LoadBalancer",
    },
    "LoadBalancerBackend103LAKSHMIRPILLAISecurityGroup7A18B8BD": Object {
      "Properties": Object {
        "GroupDescription": "Automatically created Security Group for ELB Backend103LakshmirpillaiLoadBalancerBackend103LAKSHMIRPILLAI0C33E4E2",
        "SecurityGroupIngress": Array [
          Object {
            "CidrIp": "0.0.0.0/0",
            "Description": "Allow from anyone on port 443",
            "FromPort": 443,
            "IpProtocol": "tcp",
            "ToPort": 443,
          },
        ],
        "Tags": Array [
          Object {
            "Key": "App",
            "Value": "backend-103-LAKSHMIRPILLAI",
          },
          Object {
            "Key": "gu:cdk:version",
            "Value": "TEST",
          },
          Object {
            "Key": "gu:repo",
            "Value": "guardian/backend-103-LAKSHMIRPILLAI",
          },
          Object {
            "Key": "Stack",
            "Value": "deploy",
          },
          Object {
            "Key": "Stage",
            "Value": "TEST",
          },
        ],
        "VpcId": Object {
          "Ref": "VpcId",
        },
      },
      "Type": "AWS::EC2::SecurityGroup",
    },
    "LoadBalancerBackend103LAKSHMIRPILLAISecurityGrouptoBackend103LakshmirpillaiGuHttpsEgressSecurityGroupBackend103LAKSHMIRPILLAI06E0D1AB9000BDDE2D7B": Object {
      "Properties": Object {
        "Description": "Load balancer to target",
        "DestinationSecurityGroupId": Object {
          "Fn::GetAtt": Array [
            "GuHttpsEgressSecurityGroupBackend103LAKSHMIRPILLAIBA19DE5B",
            "GroupId",
          ],
        },
        "FromPort": 9000,
        "GroupId": Object {
          "Fn::GetAtt": Array [
            "LoadBalancerBackend103LAKSHMIRPILLAISecurityGroup7A18B8BD",
            "GroupId",
          ],
        },
        "IpProtocol": "tcp",
        "ToPort": 9000,
      },
      "Type": "AWS::EC2::SecurityGroupEgress",
    },
    "ParameterStoreReadBackend103LAKSHMIRPILLAI3A3DD2B4": Object {
      "Properties": Object {
        "PolicyDocument": Object {
          "Statement": Array [
            Object {
              "Action": "ssm:GetParametersByPath",
              "Effect": "Allow",
              "Resource": Object {
                "Fn::Join": Array [
                  "",
                  Array [
                    "arn:aws:ssm:",
                    Object {
                      "Ref": "AWS::Region",
                    },
                    ":",
                    Object {
                      "Ref": "AWS::AccountId",
                    },
                    ":parameter/TEST/deploy/backend-103-LAKSHMIRPILLAI",
                  ],
                ],
              },
            },
            Object {
              "Action": Array [
                "ssm:GetParameters",
                "ssm:GetParameter",
              ],
              "Effect": "Allow",
              "Resource": Object {
                "Fn::Join": Array [
                  "",
                  Array [
                    "arn:aws:ssm:",
                    Object {
                      "Ref": "AWS::Region",
                    },
                    ":",
                    Object {
                      "Ref": "AWS::AccountId",
                    },
                    ":parameter/TEST/deploy/backend-103-LAKSHMIRPILLAI/*",
                  ],
                ],
              },
            },
          ],
          "Version": "2012-10-17",
        },
        "PolicyName": "parameter-store-read-policy",
        "Roles": Array [
          Object {
            "Ref": "InstanceRoleBackend103LAKSHMIRPILLAI570FD0EA",
          },
        ],
      },
      "Type": "AWS::IAM::Policy",
    },
    "SSMRunCommandPolicy244E1613": Object {
      "Properties": Object {
        "PolicyDocument": Object {
          "Statement": Array [
            Object {
              "Action": Array [
                "ec2messages:AcknowledgeMessage",
                "ec2messages:DeleteMessage",
                "ec2messages:FailMessage",
                "ec2messages:GetEndpoint",
                "ec2messages:GetMessages",
                "ec2messages:SendReply",
                "ssm:UpdateInstanceInformation",
                "ssm:ListInstanceAssociations",
                "ssm:DescribeInstanceProperties",
                "ssm:DescribeDocumentParameters",
                "ssmmessages:CreateControlChannel",
                "ssmmessages:CreateDataChannel",
                "ssmmessages:OpenControlChannel",
                "ssmmessages:OpenDataChannel",
              ],
              "Effect": "Allow",
              "Resource": "*",
            },
          ],
          "Version": "2012-10-17",
        },
        "PolicyName": "ssm-run-command-policy",
        "Roles": Array [
          Object {
            "Ref": "InstanceRoleBackend103LAKSHMIRPILLAI570FD0EA",
          },
        ],
      },
      "Type": "AWS::IAM::Policy",
    },
    "TargetGroupBackend103LAKSHMIRPILLAI9D067341": Object {
      "Properties": Object {
        "HealthCheckIntervalSeconds": 10,
        "HealthCheckPath": "/healthcheck",
        "HealthCheckProtocol": "HTTP",
        "HealthCheckTimeoutSeconds": 5,
        "HealthyThresholdCount": 5,
        "Port": 9000,
        "Protocol": "HTTP",
        "Tags": Array [
          Object {
            "Key": "App",
            "Value": "backend-103-LAKSHMIRPILLAI",
          },
          Object {
            "Key": "gu:cdk:version",
            "Value": "TEST",
          },
          Object {
            "Key": "gu:repo",
            "Value": "guardian/backend-103-LAKSHMIRPILLAI",
          },
          Object {
            "Key": "Stack",
            "Value": "deploy",
          },
          Object {
            "Key": "Stage",
            "Value": "TEST",
          },
        ],
        "TargetGroupAttributes": Array [
          Object {
            "Key": "deregistration_delay.timeout_seconds",
            "Value": "30",
          },
          Object {
            "Key": "stickiness.enabled",
            "Value": "false",
          },
        ],
        "TargetType": "instance",
        "UnhealthyThresholdCount": 2,
        "VpcId": Object {
          "Ref": "VpcId",
        },
      },
      "Type": "AWS::ElasticLoadBalancingV2::TargetGroup",
    },
    "WazuhSecurityGroup": Object {
      "Properties": Object {
        "GroupDescription": "Allow outbound traffic from wazuh agent to manager",
        "SecurityGroupEgress": Array [
          Object {
            "CidrIp": "0.0.0.0/0",
            "Description": "Wazuh event logging",
            "FromPort": 1514,
            "IpProtocol": "tcp",
            "ToPort": 1514,
          },
          Object {
            "CidrIp": "0.0.0.0/0",
            "Description": "Wazuh agent registration",
            "FromPort": 1515,
            "IpProtocol": "tcp",
            "ToPort": 1515,
          },
        ],
        "Tags": Array [
          Object {
            "Key": "gu:cdk:version",
            "Value": "TEST",
          },
          Object {
            "Key": "gu:repo",
            "Value": "guardian/backend-103-LAKSHMIRPILLAI",
          },
          Object {
            "Key": "Stack",
            "Value": "deploy",
          },
          Object {
            "Key": "Stage",
            "Value": "TEST",
          },
        ],
        "VpcId": Object {
          "Ref": "VpcId",
        },
      },
      "Type": "AWS::EC2::SecurityGroup",
    },
    "dns": Object {
      "Properties": Object {
        "Name": "backend-103-LAKSHMIRPILLAI.gutools.co.uk",
        "RecordType": "CNAME",
        "ResourceRecords": Array [
          Object {
            "Fn::GetAtt": Array [
              "LoadBalancerBackend103LAKSHMIRPILLAI22EF8B87",
              "DNSName",
            ],
          },
        ],
        "Stage": "TEST",
        "TTL": 60,
      },
      "Type": "Guardian::DNS::RecordSet",
    },
  },
}
`;
